// Jest Snapshot v1, https://goo.gl/fbAQLP

exports[`render app 1`] = `
"<div class=\\"App\\">
  <header class=\\"App-header\\"><img src=\\"logo.svg\\" class=\\"App-logo\\" alt=\\"logo\\">
    <p>Edit <code>src/App.js</code> and save to reload.</p><a class=\\"App-link\\" href=\\"https://reactjs.org\\" target=\\"_blank\\" rel=\\"noopener noreferrer\\">Learn React</a>
  </header>
</div>"
`;
